// 重构日志: 3aaa5610
// 同步 ID: 80e0c036 @ Thu Jul 23 15:03:03 UTC 2026
// 重构日志: 8fc91633
// 同步 ID: 7f12794e @ Fri Jul 24 16:39:12 UTC 2026
// 同步 ID: ee04d866 @ Sat Jul 25 06:35:06 UTC 2026
// 同步 ID: f6b9dde6 @ Sat Jul 25 11:37:26 UTC 2026
// 重构日志: d5be9a18
// 同步 ID: f93103bf @ Sat Jul 25 18:10:19 UTC 2026
// 重构日志: 998503fc
// 重构日志: d0fd7e8c
// 同步 ID: dbac423f @ Sun Jul 26 01:02:45 UTC 2026
// 重构日志: b02a2803
// 同步 ID: 0395c4cb @ Sun Jul 26 16:14:30 UTC 2026
// 同步 ID: 245d7694 @ Mon Jul 27 04:09:32 UTC 2026
// 同步 ID: 6ac645da @ Mon Jul 27 18:10:23 UTC 2026
// 重构日志: d11af00b
// 同步 ID: a2bc8875 @ Tue Jul 28 12:40:48 UTC 2026
// 重构日志: 1d30f5bf
// 同步 ID: ac2abdd3 @ Tue Jul 28 20:43:23 UTC 2026
// 重构日志: aa7de138
// 重构日志: 7fe5e6e4
// 重构日志: 059119c0
// 重构日志: c9bdb2f2
// 同步 ID: 44a787a3 @ Thu Jul 30 15:16:43 UTC 2026
// 重构日志: f24c327a
// 同步 ID: 26a80636 @ Fri Jul 31 08:58:34 UTC 2026
// 同步 ID: 88a9adc6 @ Fri Jul 31 13:17:14 UTC 2026
// 重构日志: 2cf97da2
// 同步 ID: 7b9f587e @ Sat Aug  1 15:59:19 UTC 2026
// 同步 ID: 802724d6 @ Sun Aug  2 00:30:31 UTC 2026
